<html>
<body>
<pre>
<h1>礦ision Build Log</h1>
<h2>Tool Versions:</h2>
IDE-Version: μVision V5.14.0.0
Copyright (C) 2015 ARM Ltd and ARM Germany GmbH. All rights reserved.
License Information: lemon Acer-smk, cult, LIC=JDAUH-WEEL3-QH28A-13ZNA-QL624-TPCS0
 
Tool Versions:
Toolchain:       MDK-ARM Professional  Version: 5.14.0.0
Toolchain Path:  D:\Keil_MDK\ARM\ARMCC\Bin
C Compiler:      Armcc.exe V5.05 update 1 (build 106)
Assembler:       Armasm.exe V5.05 update 1 (build 106)
Linker/Locator:  ArmLink.exe V5.05 update 1 (build 106)
Library Manager: ArmAr.exe V5.05 update 1 (build 106)
Hex Converter:   FromElf.exe V5.05 update 1 (build 106)
CPU DLL:         SARMCM3.DLL V5.14.0.0
Dialog DLL:      DARMSTM.DLL V1.65.0.0
Target DLL:      Segger\JL2CM3.dll V2.99.13.0
Dialog DLL:      TARMSTM.DLL V1.64.0.0
 
<h2>Project:</h2>
C:\Users\Acer-smk\Desktop\主控-骨科无创式三维定位器\USER\Locator Master.uvprojx
Project File Date:  01/25/2018

<h2>Output:</h2>
Build target 'LocatorMaster'
compiling main.c...
main.c(81): warning:  #223-D: function "memcpy" declared implicitly
                                memcpy(strTest,USART_RX_BUF,len);                       //字符串拷贝
main.c(56): warning:  #177-D: variable "key" was declared but never referenced
        u8 key=20,T,nrfsend_time,Answer;
main.c(56): warning:  #177-D: variable "T" was declared but never referenced
        u8 key=20,T,nrfsend_time,Answer;
main.c(56): warning:  #177-D: variable "nrfsend_time" was declared but never referenced
        u8 key=20,T,nrfsend_time,Answer;
main.c(56): warning:  #177-D: variable "Answer" was declared but never referenced
        u8 key=20,T,nrfsend_time,Answer;
main.c(199): warning:  #177-D: variable "maxdegree" was declared but never referenced
        u16 maxdistance=0,maxdegree=0;
main.c(256): warning:  #550-D: variable "str" was set but never used
        char *str=0;                    //遥控的键值含义
main.c: 7 warnings, 0 errors
linking...
Program Size: Code=22022 RO-data=850 RW-data=96 ZI-data=3264  
FromELF: creating hex file...
"..\OBJ\PWM.axf" - 0 Error(s), 7 Warning(s).

<h2>Collection of Component include folders:</h2>
  C:\Users\Acer-smk\Desktop\主控-骨科无创式三维定位器\USER\RTE
  D:\Keil_MDK\ARM\PACK\Keil\STM32F1xx_DFP\2.2.0

<h2>Collection of Component Files used:</h2>
</pre>
</body>
</html>
